---
source: crates/sui-cost/tests/empirical_transaction_cost.rs
expression: common_costs_actual
---
{
  "MergeCoin": {
    "computation_cost": 176,
    "storage_cost": 42,
    "storage_rebate": 0
  },
  "Publish": {
    "computation_cost": 341,
    "storage_cost": 140,
    "storage_rebate": 0
  },
  "SharedCounterAssertValue": {
    "computation_cost": 212,
    "storage_cost": 42,
    "storage_rebate": 21
  },
  "SharedCounterCreate": {
    "computation_cost": 216,
    "storage_cost": 42,
    "storage_rebate": 0
  },
  "SharedCounterIncrement": {
    "computation_cost": 212,
    "storage_cost": 42,
    "storage_rebate": 21
  },
  "SplitCoin": {
    "computation_cost": 290,
    "storage_cost": 105,
    "storage_rebate": 0
  },
  "TransferPortionSuiCoin": {
    "computation_cost": 157,
    "storage_cost": 63,
    "storage_rebate": 0
  },
  "TransferWholeCoin": {
    "computation_cost": 151,
    "storage_cost": 42,
    "storage_rebate": 0
  },
  "TransferWholeSuiCoin": {
    "computation_cost": 148,
    "storage_cost": 42,
    "storage_rebate": 0
  }
}
