---
source: crates/sui-config/tests/snapshot_tests.rs
expression: network_config
---
validator_configs:
  - protocol-key-pair:
      value: VTDx4HjVmRBqdqBWg2zN+zcFE20io3CrBchGy/iV1lo=
    worker-key-pair:
      value: AH7M/Ot6iUd/Jj47r5aGmQROL24mxT4K8EF1Gvjhk0zT
    account-key-pair:
      value: AGXlMKrYkj+CLojtVPwa9rE1QUKZHJA+XGhfgWp7porR
    network-key-pair:
      value: AClK2/gtiS+cypPl2il6YC49PJgkHoAgnpKZ0dEiwIUw
    db-path: /tmp/foo/
    network-address: ""
    json-rpc-address: "0.0.0.0:1"
    metrics-address: "0.0.0.0:1"
    admin-interface-port: 8888
    consensus-config:
      address: ""
      db-path: /tmp/foo/
      internal-worker-address: ""
      timeout-secs: 60
      narwhal-config:
        header_num_of_batches_threshold: 32
        max_header_num_of_batches: 1000
        max_header_delay: 2000ms
        min_header_delay: 500ms
        gc_depth: 50
        sync_retry_delay: 5000ms
        sync_retry_nodes: 3
        batch_size: 500000
        max_batch_delay: 100ms
        block_synchronizer:
          range_synchronize_timeout: 30000ms
          certificates_synchronize_timeout: 30000ms
          payload_synchronize_timeout: 30000ms
          payload_availability_timeout: 30000ms
          handler_certificate_deliver_timeout: 30000ms
        consensus_api_grpc:
          socket_addr: ""
          get_collections_timeout: 5000ms
          remove_collections_timeout: 5000ms
        max_concurrent_requests: 500000
        prometheus_metrics:
          socket_addr: /ip4/127.0.0.1/tcp/1234
        network_admin_server:
          primary_network_admin_server_port: 5678
          worker_network_admin_server_base_port: 8765
        anemo:
          send_certificate_rate_limit: ~
          get_payload_availability_rate_limit: ~
          get_certificates_rate_limit: ~
          report_batch_rate_limit: ~
          request_batch_rate_limit: ~
    enable-event-processing: false
    epoch-duration-ms: 86400000
    grpc-load-shed: ~
    grpc-concurrency-limit: 20000000000
    p2p-config:
      listen-address: "0.0.0.0:1"
    genesis:
      genesis: "[fake genesis]"
    authority-store-pruning-config:
      objects-num-latest-versions-to-retain: 2
      objects-pruning-period-secs: 86400
      objects-pruning-initial-delay-secs: 3600
      num-latest-epoch-dbs-to-retain: 3
      epoch-db-pruning-period-secs: 3600
      num-epochs-to-retain: 18446744073709551615
    end-of-epoch-broadcast-channel-capacity: 128
    checkpoint-executor-config:
      checkpoint-execution-max-concurrency: 200
      local-execution-timeout-sec: 10
  - protocol-key-pair:
      value: avYcyVgYMXTyaUYh9IRwLK0gSzl7YF6ZQDAbrS1Bhvo=
    worker-key-pair:
      value: AKTwSrpgq5BEhJgIhv+1H0jMiJQMigkGsrAW9EQPaMSI
    account-key-pair:
      value: AHs3lfh8LlhanWE/zTjOqDFkNiDL2ouxjjJ+WDT5/hVg
    network-key-pair:
      value: ANuTFymJGw6l1rSGV5du4G4ROOLd4adUItxxVhy31lnN
    db-path: /tmp/foo/
    network-address: ""
    json-rpc-address: "0.0.0.0:1"
    metrics-address: "0.0.0.0:1"
    admin-interface-port: 8888
    consensus-config:
      address: ""
      db-path: /tmp/foo/
      internal-worker-address: ""
      timeout-secs: 60
      narwhal-config:
        header_num_of_batches_threshold: 32
        max_header_num_of_batches: 1000
        max_header_delay: 2000ms
        min_header_delay: 500ms
        gc_depth: 50
        sync_retry_delay: 5000ms
        sync_retry_nodes: 3
        batch_size: 500000
        max_batch_delay: 100ms
        block_synchronizer:
          range_synchronize_timeout: 30000ms
          certificates_synchronize_timeout: 30000ms
          payload_synchronize_timeout: 30000ms
          payload_availability_timeout: 30000ms
          handler_certificate_deliver_timeout: 30000ms
        consensus_api_grpc:
          socket_addr: ""
          get_collections_timeout: 5000ms
          remove_collections_timeout: 5000ms
        max_concurrent_requests: 500000
        prometheus_metrics:
          socket_addr: /ip4/127.0.0.1/tcp/1234
        network_admin_server:
          primary_network_admin_server_port: 5678
          worker_network_admin_server_base_port: 8765
        anemo:
          send_certificate_rate_limit: ~
          get_payload_availability_rate_limit: ~
          get_certificates_rate_limit: ~
          report_batch_rate_limit: ~
          request_batch_rate_limit: ~
    enable-event-processing: false
    epoch-duration-ms: 86400000
    grpc-load-shed: ~
    grpc-concurrency-limit: 20000000000
    p2p-config:
      listen-address: "0.0.0.0:1"
    genesis:
      genesis: "[fake genesis]"
    authority-store-pruning-config:
      objects-num-latest-versions-to-retain: 2
      objects-pruning-period-secs: 86400
      objects-pruning-initial-delay-secs: 3600
      num-latest-epoch-dbs-to-retain: 3
      epoch-db-pruning-period-secs: 3600
      num-epochs-to-retain: 18446744073709551615
    end-of-epoch-broadcast-channel-capacity: 128
    checkpoint-executor-config:
      checkpoint-execution-max-concurrency: 200
      local-execution-timeout-sec: 10
  - protocol-key-pair:
      value: OXnx3yM1C/ppgnDMx/o1d49fJs7E05kq11mXNae/O+I=
    worker-key-pair:
      value: ANQ4duxTsOdofUAHfSIo8kauNj7SRmLZgmdkb12DwxF6
    account-key-pair:
      value: AGGCaIy1OwvvLtr2rcHewlJJBILLzhrEao4QmF0D2UTz
    network-key-pair:
      value: AKFIgWPoTZb9/zUu/1P8wFtxDDYuObk1xr/QaxZ2H48i
    db-path: /tmp/foo/
    network-address: ""
    json-rpc-address: "0.0.0.0:1"
    metrics-address: "0.0.0.0:1"
    admin-interface-port: 8888
    consensus-config:
      address: ""
      db-path: /tmp/foo/
      internal-worker-address: ""
      timeout-secs: 60
      narwhal-config:
        header_num_of_batches_threshold: 32
        max_header_num_of_batches: 1000
        max_header_delay: 2000ms
        min_header_delay: 500ms
        gc_depth: 50
        sync_retry_delay: 5000ms
        sync_retry_nodes: 3
        batch_size: 500000
        max_batch_delay: 100ms
        block_synchronizer:
          range_synchronize_timeout: 30000ms
          certificates_synchronize_timeout: 30000ms
          payload_synchronize_timeout: 30000ms
          payload_availability_timeout: 30000ms
          handler_certificate_deliver_timeout: 30000ms
        consensus_api_grpc:
          socket_addr: ""
          get_collections_timeout: 5000ms
          remove_collections_timeout: 5000ms
        max_concurrent_requests: 500000
        prometheus_metrics:
          socket_addr: /ip4/127.0.0.1/tcp/1234
        network_admin_server:
          primary_network_admin_server_port: 5678
          worker_network_admin_server_base_port: 8765
        anemo:
          send_certificate_rate_limit: ~
          get_payload_availability_rate_limit: ~
          get_certificates_rate_limit: ~
          report_batch_rate_limit: ~
          request_batch_rate_limit: ~
    enable-event-processing: false
    epoch-duration-ms: 86400000
    grpc-load-shed: ~
    grpc-concurrency-limit: 20000000000
    p2p-config:
      listen-address: "0.0.0.0:1"
    genesis:
      genesis: "[fake genesis]"
    authority-store-pruning-config:
      objects-num-latest-versions-to-retain: 2
      objects-pruning-period-secs: 86400
      objects-pruning-initial-delay-secs: 3600
      num-latest-epoch-dbs-to-retain: 3
      epoch-db-pruning-period-secs: 3600
      num-epochs-to-retain: 18446744073709551615
    end-of-epoch-broadcast-channel-capacity: 128
    checkpoint-executor-config:
      checkpoint-execution-max-concurrency: 200
      local-execution-timeout-sec: 10
  - protocol-key-pair:
      value: CyNkjqNVr3HrHTH7f/NLs7u5lUHJzuPAw0PqMTD2y2s=
    worker-key-pair:
      value: ABB1+x4nRFoyYG3rKucsVmnAZB1Mf8ACwfdDJvEomhGW
    account-key-pair:
      value: AJFy2uQrEISFM5YRQRBUz9XisSepQRkWMzZDo6w2ppVP
    network-key-pair:
      value: AI0OYrH3grOXDvJEH0aDYhOhMdudJ4hLVwh+1OGNyoXe
    db-path: /tmp/foo/
    network-address: ""
    json-rpc-address: "0.0.0.0:1"
    metrics-address: "0.0.0.0:1"
    admin-interface-port: 8888
    consensus-config:
      address: ""
      db-path: /tmp/foo/
      internal-worker-address: ""
      timeout-secs: 60
      narwhal-config:
        header_num_of_batches_threshold: 32
        max_header_num_of_batches: 1000
        max_header_delay: 2000ms
        min_header_delay: 500ms
        gc_depth: 50
        sync_retry_delay: 5000ms
        sync_retry_nodes: 3
        batch_size: 500000
        max_batch_delay: 100ms
        block_synchronizer:
          range_synchronize_timeout: 30000ms
          certificates_synchronize_timeout: 30000ms
          payload_synchronize_timeout: 30000ms
          payload_availability_timeout: 30000ms
          handler_certificate_deliver_timeout: 30000ms
        consensus_api_grpc:
          socket_addr: ""
          get_collections_timeout: 5000ms
          remove_collections_timeout: 5000ms
        max_concurrent_requests: 500000
        prometheus_metrics:
          socket_addr: /ip4/127.0.0.1/tcp/1234
        network_admin_server:
          primary_network_admin_server_port: 5678
          worker_network_admin_server_base_port: 8765
        anemo:
          send_certificate_rate_limit: ~
          get_payload_availability_rate_limit: ~
          get_certificates_rate_limit: ~
          report_batch_rate_limit: ~
          request_batch_rate_limit: ~
    enable-event-processing: false
    epoch-duration-ms: 86400000
    grpc-load-shed: ~
    grpc-concurrency-limit: 20000000000
    p2p-config:
      listen-address: "0.0.0.0:1"
    genesis:
      genesis: "[fake genesis]"
    authority-store-pruning-config:
      objects-num-latest-versions-to-retain: 2
      objects-pruning-period-secs: 86400
      objects-pruning-initial-delay-secs: 3600
      num-latest-epoch-dbs-to-retain: 3
      epoch-db-pruning-period-secs: 3600
      num-epochs-to-retain: 18446744073709551615
    end-of-epoch-broadcast-channel-capacity: 128
    checkpoint-executor-config:
      checkpoint-execution-max-concurrency: 200
      local-execution-timeout-sec: 10
  - protocol-key-pair:
      value: X/I/kM+KvHcxAKEf2UU6Sr7SpN3bhiE9nP5CuM/iIY0=
    worker-key-pair:
      value: AFJKmNZNkqyS85XUqAKsw2adb7nVejMwGaqI2ptF2NmT
    account-key-pair:
      value: ACdIQ0IILpTytmU6RjVq3Ifr4O9zkPZVn0V7vbjfkKPP
    network-key-pair:
      value: AFKq0My7gQHTDG58VQMYImhU18+j2le9HtF08nhehbvK
    db-path: /tmp/foo/
    network-address: ""
    json-rpc-address: "0.0.0.0:1"
    metrics-address: "0.0.0.0:1"
    admin-interface-port: 8888
    consensus-config:
      address: ""
      db-path: /tmp/foo/
      internal-worker-address: ""
      timeout-secs: 60
      narwhal-config:
        header_num_of_batches_threshold: 32
        max_header_num_of_batches: 1000
        max_header_delay: 2000ms
        min_header_delay: 500ms
        gc_depth: 50
        sync_retry_delay: 5000ms
        sync_retry_nodes: 3
        batch_size: 500000
        max_batch_delay: 100ms
        block_synchronizer:
          range_synchronize_timeout: 30000ms
          certificates_synchronize_timeout: 30000ms
          payload_synchronize_timeout: 30000ms
          payload_availability_timeout: 30000ms
          handler_certificate_deliver_timeout: 30000ms
        consensus_api_grpc:
          socket_addr: ""
          get_collections_timeout: 5000ms
          remove_collections_timeout: 5000ms
        max_concurrent_requests: 500000
        prometheus_metrics:
          socket_addr: /ip4/127.0.0.1/tcp/1234
        network_admin_server:
          primary_network_admin_server_port: 5678
          worker_network_admin_server_base_port: 8765
        anemo:
          send_certificate_rate_limit: ~
          get_payload_availability_rate_limit: ~
          get_certificates_rate_limit: ~
          report_batch_rate_limit: ~
          request_batch_rate_limit: ~
    enable-event-processing: false
    epoch-duration-ms: 86400000
    grpc-load-shed: ~
    grpc-concurrency-limit: 20000000000
    p2p-config:
      listen-address: "0.0.0.0:1"
    genesis:
      genesis: "[fake genesis]"
    authority-store-pruning-config:
      objects-num-latest-versions-to-retain: 2
      objects-pruning-period-secs: 86400
      objects-pruning-initial-delay-secs: 3600
      num-latest-epoch-dbs-to-retain: 3
      epoch-db-pruning-period-secs: 3600
      num-epochs-to-retain: 18446744073709551615
    end-of-epoch-broadcast-channel-capacity: 128
    checkpoint-executor-config:
      checkpoint-execution-max-concurrency: 200
      local-execution-timeout-sec: 10
  - protocol-key-pair:
      value: N272EiFDyKtxRbDKbyN6ujenJ+skPcRoc/XolpOLGnU=
    worker-key-pair:
      value: AB5aMuKZ3/KVhBxj/uDhbF8+emy3SCYZA9jvjnSjKggO
    account-key-pair:
      value: AKbzEnI6DEfw2jdDOSDsUtlaRgufTepL+oA5ut7ny0Oc
    network-key-pair:
      value: ALT7t4M6FqBWx257mlKdcIVihVe5rQ1XzrUxw1lkdmaF
    db-path: /tmp/foo/
    network-address: ""
    json-rpc-address: "0.0.0.0:1"
    metrics-address: "0.0.0.0:1"
    admin-interface-port: 8888
    consensus-config:
      address: ""
      db-path: /tmp/foo/
      internal-worker-address: ""
      timeout-secs: 60
      narwhal-config:
        header_num_of_batches_threshold: 32
        max_header_num_of_batches: 1000
        max_header_delay: 2000ms
        min_header_delay: 500ms
        gc_depth: 50
        sync_retry_delay: 5000ms
        sync_retry_nodes: 3
        batch_size: 500000
        max_batch_delay: 100ms
        block_synchronizer:
          range_synchronize_timeout: 30000ms
          certificates_synchronize_timeout: 30000ms
          payload_synchronize_timeout: 30000ms
          payload_availability_timeout: 30000ms
          handler_certificate_deliver_timeout: 30000ms
        consensus_api_grpc:
          socket_addr: ""
          get_collections_timeout: 5000ms
          remove_collections_timeout: 5000ms
        max_concurrent_requests: 500000
        prometheus_metrics:
          socket_addr: /ip4/127.0.0.1/tcp/1234
        network_admin_server:
          primary_network_admin_server_port: 5678
          worker_network_admin_server_base_port: 8765
        anemo:
          send_certificate_rate_limit: ~
          get_payload_availability_rate_limit: ~
          get_certificates_rate_limit: ~
          report_batch_rate_limit: ~
          request_batch_rate_limit: ~
    enable-event-processing: false
    epoch-duration-ms: 86400000
    grpc-load-shed: ~
    grpc-concurrency-limit: 20000000000
    p2p-config:
      listen-address: "0.0.0.0:1"
    genesis:
      genesis: "[fake genesis]"
    authority-store-pruning-config:
      objects-num-latest-versions-to-retain: 2
      objects-pruning-period-secs: 86400
      objects-pruning-initial-delay-secs: 3600
      num-latest-epoch-dbs-to-retain: 3
      epoch-db-pruning-period-secs: 3600
      num-epochs-to-retain: 18446744073709551615
    end-of-epoch-broadcast-channel-capacity: 128
    checkpoint-executor-config:
      checkpoint-execution-max-concurrency: 200
      local-execution-timeout-sec: 10
  - protocol-key-pair:
      value: a74f03IOjL8ZFSWFChFVEi+wiMwHNwNCPDGIYkGfgjs=
    worker-key-pair:
      value: AOUVpWBdto0vYu+sy5fIz9g9w/BguYbfiD9XVlARmcYv
    account-key-pair:
      value: AEORJLwnMuXMNSSkrcErNL/0AcltCPCVwqnZ2oKLqQjI
    network-key-pair:
      value: APhBCF+ITkAe/cag6/AqdFBjTQuLBBPOPfzkUxmNYsMX
    db-path: /tmp/foo/
    network-address: ""
    json-rpc-address: "0.0.0.0:1"
    metrics-address: "0.0.0.0:1"
    admin-interface-port: 8888
    consensus-config:
      address: ""
      db-path: /tmp/foo/
      internal-worker-address: ""
      timeout-secs: 60
      narwhal-config:
        header_num_of_batches_threshold: 32
        max_header_num_of_batches: 1000
        max_header_delay: 2000ms
        min_header_delay: 500ms
        gc_depth: 50
        sync_retry_delay: 5000ms
        sync_retry_nodes: 3
        batch_size: 500000
        max_batch_delay: 100ms
        block_synchronizer:
          range_synchronize_timeout: 30000ms
          certificates_synchronize_timeout: 30000ms
          payload_synchronize_timeout: 30000ms
          payload_availability_timeout: 30000ms
          handler_certificate_deliver_timeout: 30000ms
        consensus_api_grpc:
          socket_addr: ""
          get_collections_timeout: 5000ms
          remove_collections_timeout: 5000ms
        max_concurrent_requests: 500000
        prometheus_metrics:
          socket_addr: /ip4/127.0.0.1/tcp/1234
        network_admin_server:
          primary_network_admin_server_port: 5678
          worker_network_admin_server_base_port: 8765
        anemo:
          send_certificate_rate_limit: ~
          get_payload_availability_rate_limit: ~
          get_certificates_rate_limit: ~
          report_batch_rate_limit: ~
          request_batch_rate_limit: ~
    enable-event-processing: false
    epoch-duration-ms: 86400000
    grpc-load-shed: ~
    grpc-concurrency-limit: 20000000000
    p2p-config:
      listen-address: "0.0.0.0:1"
    genesis:
      genesis: "[fake genesis]"
    authority-store-pruning-config:
      objects-num-latest-versions-to-retain: 2
      objects-pruning-period-secs: 86400
      objects-pruning-initial-delay-secs: 3600
      num-latest-epoch-dbs-to-retain: 3
      epoch-db-pruning-period-secs: 3600
      num-epochs-to-retain: 18446744073709551615
    end-of-epoch-broadcast-channel-capacity: 128
    checkpoint-executor-config:
      checkpoint-execution-max-concurrency: 200
      local-execution-timeout-sec: 10
account_keys:
  - 10wECHkYvXqL5/CY6WhjbfFPotZb5tjEbpmumqbRxuk=
  - ZTWBfKEmFOyYM9oBU9dNfREBuAU5fm2OBhg/vPtI00c=
  - +0LdRe35y6TgXPz6qcArpf0T8/Hh7zkjJL0yT19jbjc=
  - cHifntmjxd4QLaC71WRMoOeCpvicyDJMbTKRuo2v3R8=
  - mTzV/JVz4RdheOnQVFF3xuCPFF4AYAPyShHQCUizJX8=
genesis: "[fake genesis]"

