---
source: narwhal/config/tests/config_tests.rs
expression: worker_cache
---
{
  "workers": {
    "ku8PylNwBUMzkshpDSeMnbV25O8rPkUFDPcqAyeEXztH02eOq6WemzFMEsi1p0LrBvKBvTLpwLwHhkCatYptihcO75iZRjtFkYwkAlv0GmQQyHZ+xO+UYweLQiYdFHtf": {
      "0": {
        "name": "+vUstEd3Zwmk1MRBNU6KMe93it1bV/ouTWPUDuDQHOQ=",
        "transactions": "/ip4/127.0.0.1/tcp/0/http",
        "worker_address": "/ip4/127.0.0.1/udp/0"
      },
      "1": {
        "name": "tA1h9P/tjZVdIaW52V7TMpsYevOffi+wZ52uzvqizy8=",
        "transactions": "/ip4/127.0.0.1/tcp/0/http",
        "worker_address": "/ip4/127.0.0.1/udp/0"
      },
      "2": {
        "name": "a+K1bOynGp8UECGdYL1AKu+VboCKFzkuas1YrJv9USs=",
        "transactions": "/ip4/127.0.0.1/tcp/0/http",
        "worker_address": "/ip4/127.0.0.1/udp/0"
      },
      "3": {
        "name": "4kBB/sEnfuQrFVX4wKIWDruoWE0FdGQoAAxV3dH5Ruw=",
        "transactions": "/ip4/127.0.0.1/tcp/0/http",
        "worker_address": "/ip4/127.0.0.1/udp/0"
      }
    },
    "mfJe9h+AMrkUY2RgmCxcxvE07x3a52ZX8sv+wev8jQlzdAgN9vzw3Li8Sw2OCvXYDrv/K0xZn1T0LWMS38MUJ2B4wcw0fru+xRmL4lhRPzhrkw0CwnSagD4jMJVevRoQ": {
      "0": {
        "name": "Rl8pi3pQBvFS3qQ4Ge8XfGIWJ89Ig6gaG+hs27ITsoY=",
        "transactions": "/ip4/127.0.0.1/tcp/0/http",
        "worker_address": "/ip4/127.0.0.1/udp/0"
      },
      "1": {
        "name": "LEP9AK0+iW5NcUyhZbcmNIb5RYHgH69slDisEtztjG0=",
        "transactions": "/ip4/127.0.0.1/tcp/0/http",
        "worker_address": "/ip4/127.0.0.1/udp/0"
      },
      "2": {
        "name": "7e+czQHszqp2FRfx2nfFWAO0P62dYPZStGZrvhXxsrk=",
        "transactions": "/ip4/127.0.0.1/tcp/0/http",
        "worker_address": "/ip4/127.0.0.1/udp/0"
      },
      "3": {
        "name": "E9/Bo/26Ipc5+PcH6FrVcSX/vQpmNQOdnsvrQHha22g=",
        "transactions": "/ip4/127.0.0.1/tcp/0/http",
        "worker_address": "/ip4/127.0.0.1/udp/0"
      }
    },
    "ofT8sYBvqkB+c/sjDYTwar96xgZbTdi/ncbet8ja9ePYhtSje59zyarNpF/ZxM1dAncK6uyr9Xv1lS7bJs+nSj2k0bMvbStf5RORLeuPwYz/yJrDOQQf4MxOnW0u8Gzo": {
      "0": {
        "name": "XfUKCTzkq/woZ4O5HhvOQYx2Mjmj53+b2Zvf47bUNAs=",
        "transactions": "/ip4/127.0.0.1/tcp/0/http",
        "worker_address": "/ip4/127.0.0.1/udp/0"
      },
      "1": {
        "name": "ImcEJdnkJHGWWGfpkBU8v79yfxiBRd5dSk2fmgVot38=",
        "transactions": "/ip4/127.0.0.1/tcp/0/http",
        "worker_address": "/ip4/127.0.0.1/udp/0"
      },
      "2": {
        "name": "wtCRbRtWxzwz1mf3mzcJZYlJSzmWIQriK6XTW558nX8=",
        "transactions": "/ip4/127.0.0.1/tcp/0/http",
        "worker_address": "/ip4/127.0.0.1/udp/0"
      },
      "3": {
        "name": "6AXMr5ld8Tk2FSAG7nzpRNnxB9i/A2jvMHEo45HL1fU=",
        "transactions": "/ip4/127.0.0.1/tcp/0/http",
        "worker_address": "/ip4/127.0.0.1/udp/0"
      }
    },
    "q1ys+9ZU8B5aHgYbgyC5N0XQlGdq1B7xY9D8JOyT89upZpiuKRUDBsq3h/WbLtd4AvLNFNECBjlAG06r8heq7tEs6ol97VfaS2579e4b337eJAwd/y1bIt4F+LhEc3sV": {
      "0": {
        "name": "ZHHGcv0FFVsZHJGRHt9GyGNjuEVHfPRQtzzvr0muwdw=",
        "transactions": "/ip4/127.0.0.1/tcp/0/http",
        "worker_address": "/ip4/127.0.0.1/udp/0"
      },
      "1": {
        "name": "8mDA/X8DSIDB1xgO2aWggBs6c1CHpwO/8yOObxDvDVg=",
        "transactions": "/ip4/127.0.0.1/tcp/0/http",
        "worker_address": "/ip4/127.0.0.1/udp/0"
      },
      "2": {
        "name": "qk4EPcTqK1qa8nSDxvWLOc4eNK08K8jStJYuu4r19/I=",
        "transactions": "/ip4/127.0.0.1/tcp/0/http",
        "worker_address": "/ip4/127.0.0.1/udp/0"
      },
      "3": {
        "name": "8g85A29s6Un8b8sRwTLdQ626jFtHpDJOwtWEVy2t7MA=",
        "transactions": "/ip4/127.0.0.1/tcp/0/http",
        "worker_address": "/ip4/127.0.0.1/udp/0"
      }
    }
  },
  "epoch": 0
}
