---
source: narwhal/config/tests/config_tests.rs
expression: committee
---
{
  "authorities": {
    "ku8PylNwBUMzkshpDSeMnbV25O8rPkUFDPcqAyeEXztH02eOq6WemzFMEsi1p0LrBvKBvTLpwLwHhkCatYptihcO75iZRjtFkYwkAlv0GmQQyHZ+xO+UYweLQiYdFHtf": {
      "stake": 1,
      "primary_address": "/ip4/127.0.0.1/udp/0",
      "network_key": "Zm3+Rl2weh6VsEmVBAALZ9Pk1yOf+nHpT8LsI1l/0q8="
    },
    "mfJe9h+AMrkUY2RgmCxcxvE07x3a52ZX8sv+wev8jQlzdAgN9vzw3Li8Sw2OCvXYDrv/K0xZn1T0LWMS38MUJ2B4wcw0fru+xRmL4lhRPzhrkw0CwnSagD4jMJVevRoQ": {
      "stake": 1,
      "primary_address": "/ip4/127.0.0.1/udp/0",
      "network_key": "iRf3oG9ka0fwbVnVX9BQ3m9wisZbj4rDCF/q5oTjLU4="
    },
    "ofT8sYBvqkB+c/sjDYTwar96xgZbTdi/ncbet8ja9ePYhtSje59zyarNpF/ZxM1dAncK6uyr9Xv1lS7bJs+nSj2k0bMvbStf5RORLeuPwYz/yJrDOQQf4MxOnW0u8Gzo": {
      "stake": 1,
      "primary_address": "/ip4/127.0.0.1/udp/0",
      "network_key": "LC/82uPqS70tgF56yNcxk5O1TD37cuMArVZDxvROh6M="
    },
    "q1ys+9ZU8B5aHgYbgyC5N0XQlGdq1B7xY9D8JOyT89upZpiuKRUDBsq3h/WbLtd4AvLNFNECBjlAG06r8heq7tEs6ol97VfaS2579e4b337eJAwd/y1bIt4F+LhEc3sV": {
      "stake": 1,
      "primary_address": "/ip4/127.0.0.1/udp/0",
      "network_key": "dqJ63C6YZnD7A5GKXt7kPzZ/HzbCxobxbOy3xRXx+2U="
    }
  },
  "epoch": 0
}
